D1/page_001: edge   0 ->   0   agreeing tokens  460/ 473 ->  453/ 473 (-7)   original edge outside frame 0 px, border [287, 407, 287, 407]
D1/page_002: edge   0 ->   0   agreeing tokens  486/ 488 ->  482/ 488 (-4)   original edge outside frame 0 px, border [288, 408, 288, 408]
D1/page_003: edge   0 ->   0   agreeing tokens  174/ 348 ->  175/ 336 (+1)   original edge outside frame 0 px, border [287, 408, 287, 408]
D2/page_001: edge   1 ->   0   agreeing tokens  218/ 257 ->  207/ 256 (-11)   original edge outside frame 11 px, border [221, 361, 221, 361]
D2/page_002: edge   0 ->   0   agreeing tokens  202/ 207 ->  200/ 210 (-2)   original edge outside frame 12 px, border [226, 364, 226, 364]
D2/page_003: edge   1 ->   0   agreeing tokens   96/ 224 ->  127/ 215 (+31)   original edge outside frame 55 px, border [220, 364, 220, 364]
D3/page_001: edge   0 ->   0   agreeing tokens  550/ 824 ->  420/ 810 (-130)   original edge outside frame 21 px, border [360, 473, 360, 473]
D3/page_002: edge   0 ->   0   agreeing tokens  512/ 581 ->  452/ 571 (-60)   original edge outside frame 40 px, border [360, 473, 360, 473]
D3/page_003: edge   0 ->   0   agreeing tokens  465/ 694 ->  465/ 690 (+0)   original edge outside frame 21 px, border [360, 473, 360, 473]
D4/page_001: edge   1 ->   0   agreeing tokens  226/ 245 ->  234/ 246 (+8)   original edge outside frame 0 px, border [236, 388, 236, 388]
D4/page_002: edge   1 ->   0   agreeing tokens   96/ 124 ->  113/ 128 (+17)   original edge outside frame 0 px, border [236, 388, 236, 388]
D4/page_003: edge   0 ->   0   agreeing tokens  243/ 282 ->  239/ 281 (-4)   original edge outside frame 0 px, border [236, 388, 236, 388]
D5/page_001: edge   0 ->   0   agreeing tokens  155/ 155 ->  155/ 156 (+0)   original edge outside frame 71 px, border [384, 494, 384, 494]
D5/page_002: edge   0 ->   0   agreeing tokens  124/ 149 ->  121/ 163 (-3)   original edge outside frame 1 px, border [384, 494, 384, 494]
D5/page_003: edge   0 ->   0   agreeing tokens  204/ 215 ->  204/ 225 (+0)   original edge outside frame 61 px, border [384, 494, 384, 494]
D6/page_001: edge  40 ->   0   agreeing tokens  664/1047 ->  656/1049 (-8)   original edge outside frame 0 px, border [303, 432, 303, 432]
D6/page_002: edge   0 ->   0   agreeing tokens  506/ 924 ->  505/ 910 (-1)   original edge outside frame 0 px, border [303, 432, 303, 432]
D6/page_003: edge  16 ->   0   agreeing tokens  511/ 667 ->  499/ 671 (-12)   original edge outside frame 0 px, border [303, 432, 303, 432]
D7/page_001: edge   0 ->   0   agreeing tokens  428/ 430 ->  428/ 430 (+0)   original edge outside frame 0 px, border [279, 428, 279, 428]
D7/page_002: edge   0 ->   0   agreeing tokens  409/ 409 ->  409/ 410 (+0)   original edge outside frame 0 px, border [279, 428, 279, 428]
C/page_001: edge   0 ->   0   agreeing tokens  240/ 240 ->  240/ 240 (+0)   original edge outside frame 0 px, border [372, 526, 372, 526]
C/page_002: edge   0 ->   0   agreeing tokens  143/ 147 ->  147/ 147 (+4)   original edge outside frame 0 px, border [372, 526, 372, 526]
C/page_003: edge   0 ->   0   agreeing tokens  261/ 265 ->  262/ 263 (+1)   original edge outside frame 0 px, border [372, 526, 372, 526]
C/page_004: edge   0 ->   0   agreeing tokens   69/  69 ->   66/  69 (-3)   original edge outside frame 3 px, border [372, 526, 372, 526]

edge words 60 -> 0
D6 p1+p3 agreeing 1175 -> 1155
other 22 pages agreeing 5554 -> 5389 (-2.97%); worst page -23.64%
control agreeing 713 -> 715
fallback trigger (any original edge outside the frame): True
  PASS  edge words <= 3 (was 60)
  FAIL  D6 p1+p3 gain agreeing tokens
  FAIL  other 22 pages lose <= 0.5 %
  FAIL  no other page loses > 2 %
  PASS  control does not fall
VERDICT: REFUSE (fallback width due)

text-layer sites judged before: 71; still there: 39; gone: 32; new: 23
  gone: ('C', 2, 'i', 'iv') labelled ('B', 'catch')
  gone: ('C', 2, 'ii', 'iii') labelled ('A', 'catch')
  gone: ('C', 2, 'l', 'i') labelled ('B', 'catch')
  gone: ('C', 2, 'minis', 'mints') labelled ('B', 'catch')
  gone: ('D2', 87, '7', 'zy') labelled ('neither', 'catch')
  gone: ('D2', 87, 'tum', 'turn') labelled ('A', 'catch')
  gone: ('D2', 201, '08', '8') labelled ('neither', 'catch')
  gone: ('D2', 201, '69', '8') labelled ('neither', 'catch')
  gone: ('D2', 201, 'dtaei', 'dta1') labelled ('neither', 'catch')
  gone: ('D2', 201, 'endedtm', 'ended') labelled ('B', 'catch')
  gone: ('D3', 4, 'gm', 'gjm2') labelled ('neither', 'catch')
  gone: ('D3', 4, 'lk', 'ljk') labelled ('B', 'false_alarm')
  gone: ('D3', 5, '2', 'k') labelled ('A', 'catch')
  gone: ('D3', 5, 'fic', 'frg') labelled ('neither', 'catch')
  gone: ('D4', 251, 'cassinihu', 'cassinihuygens') labelled ('A', 'catch')
  gone: ('D4', 419, '2', '26') labelled ('A', 'catch')
  gone: ('D4', 419, 'ryp', 'run') labelled ('B', 'catch')
  gone: ('D4', 585, '6', '0') labelled ('neither', 'catch')
  gone: ('D4', 585, 'gy', 'gnj') labelled ('B', 'catch')
  gone: ('D4', 585, 't', 'x') labelled ('neither', 'catch')
  gone: ('D6', 3, 'bhe', 'the') labelled ('B', 'catch')
  gone: ('D6', 3, 'electrdde', 'electr6de') labelled ('neither', 'catch')
  gone: ('D6', 3, 'h0', 'h202') labelled ('neither', 'catch')
  gone: ('D6', 3, 'h0', 'hs20') labelled ('neither', 'catch')
  gone: ('D6', 3, 'o', '02') labelled ('neither', 'catch')
  gone: ('D6', 4, '29', '2') labelled ('A', 'catch')
  gone: ('D6', 4, 'o', '0') labelled ('neither', 'catch')
  gone: ('D6', 4, 'o', '02') labelled ('neither', 'catch')
  gone: ('D6', 5, '4', 'a') labelled ('B', 'catch')
  gone: ('D6', 5, 'e', 'the') labelled ('unclear', None)
  gone: ('D6', 5, 'spended', 'suspended') labelled ('unclear', None)
  new:  ('D2', 87, 'k', 'ky')
  new:  ('D2', 87, 'ol', 'of')
  new:  ('D2', 201, '86', '8')
  new:  ('D2', 201, '89', '8')
  new:  ('D2', 201, 'setw18', 'setw1')
  new:  ('D2', 201, 't', 'ttm')
  new:  ('D3', 4, '7', 't')
  new:  ('D3', 4, 'fal', 'fall')
  new:  ('D3', 4, 'gm', 'gm2')
  new:  ('D3', 4, 'measute', 'measure')
  new:  ('D3', 7, 'succession', 'successwn')
  new:  ('D3', 7, 'wil', 'will')
  new:  ('D4', 585, '1', 'x')
  new:  ('D4', 585, 'az', 'at')
  new:  ('D4', 585, 'cs', 'csgmin')
  new:  ('D4', 585, 't00', 'too')
  new:  ('D5', 26, 'bandmatiff', 'bandmatlff')
  new:  ('D6', 3, 'gelected', 'selected')
  new:  ('D6', 3, 'h', 'h2')
  new:  ('D6', 5, '01mkcl', '0l1mkci')
  new:  ('D6', 5, '19', '1')
  new:  ('D6', 5, 'values', 'value8')
