C/page_001: inliers   193  overshoot left 3.77%  right 7.01%  top 11.25%  bottom 4.80%
C/page_002: inliers   409  overshoot left 5.84%  right 6.82%  top 7.77%  bottom 8.36%
C/page_003: inliers   263  overshoot left 3.24%  right 7.94%  top 5.09%  bottom 3.70%
C/page_004: inliers  1929  overshoot left 5.54%  right 8.19%  top 2.29%  bottom 5.03%
D1/page_001: inliers   766  overshoot left 5.66%  right 2.83%  top 2.47%  bottom 1.72%
D1/page_002: inliers   746  overshoot left 5.82%  right 1.89%  top 3.64%  bottom 2.35%
D1/page_003: inliers   919  overshoot left 7.40%  right 5.06%  top 1.58%  bottom 6.98%
D2/page_001: inliers  1693  overshoot left 1.47%  right 3.62%  top 3.10%  bottom 4.65%
D2/page_002: inliers  1137  overshoot left 3.23%  right 8.41%  top 5.29%  bottom 4.08%
D2/page_003: inliers  1221  overshoot left 6.04%  right 9.02%  top 5.93%  bottom 3.11%
D3/page_001: inliers   316  overshoot left 4.82%  right 6.87%  top 4.25%  bottom 1.77%
D3/page_002: inliers   504  overshoot left 3.88%  right 5.60%  top 0.00%  bottom 2.32%
D3/page_003: inliers   306  overshoot left 4.96%  right 7.02%  top 3.64%  bottom 3.83%
D4/page_001: inliers   450  overshoot left 2.02%  right 3.94%  top 0.00%  bottom 3.17%
D4/page_002: inliers   863  overshoot left 5.56%  right 9.77%  top 7.65%  bottom 8.26%
D4/page_003: inliers   377  overshoot left 2.97%  right 2.29%  top 2.54%  bottom 8.29%
D5/page_001: inliers   461  overshoot left 4.68%  right 4.47%  top 6.17%  bottom 7.58%
D5/page_002: inliers   449  overshoot left 5.72%  right 9.48%  top 13.69%  bottom 3.95%
D5/page_003: inliers   625  overshoot left 3.15%  right 5.05%  top 2.75%  bottom 4.73%
D6/page_001: inliers   442  overshoot left 3.72%  right 6.75%  top 4.51%  bottom 3.11%
D6/page_002: inliers   513  overshoot left 4.44%  right 1.17%  top 2.97%  bottom 2.33%
D6/page_003: inliers   432  overshoot left 6.52%  right 6.84%  top 5.60%  bottom 5.23%
D7/page_001: inliers   375  overshoot left 1.22%  right 3.88%  top 6.30%  bottom 4.79%
D7/page_002: inliers   565  overshoot left 1.35%  right 4.23%  top 3.03%  bottom 3.68%
max overshoot per side: {'left': '7.40%', 'right': '9.77%', 'top': '13.69%', 'bottom': '8.36%'}
