C/page_001:   0 of  242 words touch the edge; edge ink 0.0000 -> 0.0000
C/page_002:   0 of  148 words touch the edge; edge ink 0.0000 -> 0.0000
C/page_003:   0 of  271 words touch the edge; edge ink 0.0000 -> 0.0000
C/page_004:   0 of   74 words touch the edge; edge ink 0.0000 -> 0.0000
D1/page_001:   0 of  480 words touch the edge; edge ink 0.0000 -> 0.0000
D1/page_002:   0 of  490 words touch the edge; edge ink 0.0000 -> 0.0000
D1/page_003:   0 of  348 words touch the edge; edge ink 0.0000 -> 0.0000
D2/page_001:   0 of  268 words touch the edge; edge ink 0.0000 -> 0.0000
D2/page_002:   0 of  208 words touch the edge; edge ink 0.0000 -> 0.0000
D2/page_003:   0 of  350 words touch the edge; edge ink 0.0000 -> 0.0000
D3/page_001:   0 of  856 words touch the edge; edge ink 0.0000 -> 0.0000
D3/page_002:   0 of  608 words touch the edge; edge ink 0.0000 -> 0.0000
D3/page_003:   0 of  718 words touch the edge; edge ink 0.0000 -> 0.0000
D4/page_001:   0 of  248 words touch the edge; edge ink 0.0000 -> 0.0000
D4/page_002:   1 of  126 words touch the edge; edge ink 0.0000 -> 0.0040
D4/page_003:   0 of  304 words touch the edge; edge ink 0.0000 -> 0.0000
D5/page_001:   0 of  155 words touch the edge; edge ink 0.1973 -> 0.0000
D5/page_002:   0 of  150 words touch the edge; edge ink 0.1748 -> 0.0002
D5/page_003:   0 of  229 words touch the edge; edge ink 0.1973 -> 0.0001
D6/page_001:  40 of 1065 words touch the edge; edge ink 0.0000 -> 0.0753
D6/page_002:   0 of  956 words touch the edge; edge ink 0.0000 -> 0.0000
D6/page_003:  16 of  686 words touch the edge; edge ink 0.0000 -> 0.0339
D7/page_001:   0 of  442 words touch the edge; edge ink 0.0000 -> 0.0000
D7/page_002:   0 of  419 words touch the edge; edge ink 0.0000 -> 0.0000
